
[1m1 ┬╖ Data files (data/results/)[0m
ΓöÇΓöÇΓöÇΓöÇΓöÇΓöÇΓöÇΓöÇΓöÇΓöÇΓöÇΓöÇΓöÇΓöÇΓöÇΓöÇΓöÇΓöÇΓöÇΓöÇΓöÇΓöÇΓöÇΓöÇΓöÇΓöÇΓöÇΓöÇΓöÇΓöÇΓöÇΓöÇΓöÇΓöÇΓöÇΓöÇΓöÇΓöÇΓöÇΓöÇΓöÇΓöÇΓöÇΓöÇΓöÇΓöÇΓöÇΓöÇΓöÇΓöÇ
  [92mΓ£ô[0m  client_profile.json
  [92mΓ£ô[0m  asset_stats.json
  [92mΓ£ô[0m  efficient_frontier_3.json
  [92mΓ£ô[0m  efficient_frontier_5.json
  [92mΓ£ô[0m  efficient_frontier_12.json
  [92mΓ£ô[0m  regime.json
  [92mΓ£ô[0m  garch.json
  [92mΓ£ô[0m  simulation_bootstrap_tangency_12.json
  [92mΓ£ô[0m  simulation_parametric_tangency_12.json
  [92mΓ£ô[0m  simulation_regime_tangency_12.json
  [92mΓ£ô[0m  simulation_garch_tangency_12.json
  [92mΓ£ô[0m  strategy_comparison.json
  [92mΓ£ô[0m  risk_tangency_12.json
  [92mΓ£ô[0m  factor_tangency_12.json
  [92mΓ£ô[0m  sensitivity_window.json
  [92mΓ£ô[0m  sensitivity_crypto_cap.json
  [92mΓ£ô[0m  sensitivity_rebalancing.json
  [92mΓ£ô[0m  regime.json ΓÇö required keys present
  [92mΓ£ô[0m  garch.json ΓÇö required keys present
  [92mΓ£ô[0m  efficient_frontier_12.json ΓÇö required keys present
  [92mΓ£ô[0m  risk_tangency_12.json ΓÇö required keys present
  [92mΓ£ô[0m  strategy_comparison.json ΓÇö required keys present

[1m2 ┬╖ Backend API (http://localhost:8000)[0m
ΓöÇΓöÇΓöÇΓöÇΓöÇΓöÇΓöÇΓöÇΓöÇΓöÇΓöÇΓöÇΓöÇΓöÇΓöÇΓöÇΓöÇΓöÇΓöÇΓöÇΓöÇΓöÇΓöÇΓöÇΓöÇΓöÇΓöÇΓöÇΓöÇΓöÇΓöÇΓöÇΓöÇΓöÇΓöÇΓöÇΓöÇΓöÇΓöÇΓöÇΓöÇΓöÇΓöÇΓöÇΓöÇΓöÇΓöÇΓöÇΓöÇΓöÇ
  [92mΓ£ô[0m  GET /api/health ΓåÆ 200 ok
  [92mΓ£ô[0m  GET /api/client-profile
  [92mΓ£ô[0m  GET /api/asset-stats
  [92mΓ£ô[0m  GET /api/efficient-frontier?universe=12
  [92mΓ£ô[0m  GET /api/regime
  [92mΓ£ô[0m  GET /api/garch
  [92mΓ£ô[0m  GET /api/simulation?mode=bootstrap&strategy=tangency_12
  [92mΓ£ô[0m  GET /api/comparison
  [92mΓ£ô[0m  GET /api/risk?strategy=tangency_12
  [92mΓ£ô[0m  GET /api/factor?strategy=tangency_12
  [92mΓ£ô[0m  GET /api/sensitivity?param=window
  [93m~[0m  POST /api/recalculate (add --recalculate flag to test this)

[1m3 ┬╖ Frontend (Node.js / npm)[0m
ΓöÇΓöÇΓöÇΓöÇΓöÇΓöÇΓöÇΓöÇΓöÇΓöÇΓöÇΓöÇΓöÇΓöÇΓöÇΓöÇΓöÇΓöÇΓöÇΓöÇΓöÇΓöÇΓöÇΓöÇΓöÇΓöÇΓöÇΓöÇΓöÇΓöÇΓöÇΓöÇΓöÇΓöÇΓöÇΓöÇΓöÇΓöÇΓöÇΓöÇΓöÇΓöÇΓöÇΓöÇΓöÇΓöÇΓöÇΓöÇΓöÇΓöÇ
  [92mΓ£ô[0m  node v24.14.1 found
  [92mΓ£ô[0m  npm 11.11.0 found
  [92mΓ£ô[0m  node_modules/ present
  [92mΓ£ô[0m  vite.config.js present

ΓöÇΓöÇΓöÇΓöÇΓöÇΓöÇΓöÇΓöÇΓöÇΓöÇΓöÇΓöÇΓöÇΓöÇΓöÇΓöÇΓöÇΓöÇΓöÇΓöÇΓöÇΓöÇΓöÇΓöÇΓöÇΓöÇΓöÇΓöÇΓöÇΓöÇΓöÇΓöÇΓöÇΓöÇΓöÇΓöÇΓöÇΓöÇΓöÇΓöÇΓöÇΓöÇΓöÇΓöÇΓöÇΓöÇΓöÇΓöÇΓöÇΓöÇ
[1mResults:[0m  [92m37 passed[0m  [91m0 failed[0m  [93m1 skipped[0m  (total 38)

[92mAll checks passed.[0m
